// Jest Snapshot v1, https://goo.gl/fbAQLP

exports[`extend config should extend custom config 1`] = `
"Fabrica is powered by :
 _____        __ _                         ___  ____ _ _ 
/  ___|      / _| |                        |  \\\\/  (_) | |
\\\\ \`--.  ___ | |_| |___      ____ _ _ __ ___| .  . |_| | |
 \`--. \\\\/ _ \\\\|  _| __\\\\ \\\\ /\\\\ / / _\` | '__/ _ \\\\ |\\\\/| | | | |
/\\\\__/ / (_) | | | |_ \\\\ V  V / (_| | | |  __/ |  | | | | |
\\\\____/ \\\\___/|_|  \\\\__| \\\\_/\\\\_/ \\\\__,_|_|  \\\\___\\\\_|  |_/_|_|_|
=========================================================== v: 0.1.0-unstable
Validation errors count: 0
Validation warnings count: 0
===========================================================
"
`;

exports[`extend config should extend default config 1`] = `
"Fabrica is powered by :
 _____        __ _                         ___  ____ _ _ 
/  ___|      / _| |                        |  \\\\/  (_) | |
\\\\ \`--.  ___ | |_| |___      ____ _ _ __ ___| .  . |_| | |
 \`--. \\\\/ _ \\\\|  _| __\\\\ \\\\ /\\\\ / / _\` | '__/ _ \\\\ |\\\\/| | | | |
/\\\\__/ / (_) | | | |_ \\\\ V  V / (_| | | |  __/ |  | | | | |
\\\\____/ \\\\___/|_|  \\\\__| \\\\_/\\\\_/ \\\\__,_|_|  \\\\___\\\\_|  |_/_|_|_|
=========================================================== v: 0.1.0-unstable
Validation errors count: 0
Validation warnings count: 0
===========================================================
{
  \\"networkSettings\\": {
    \\"fabricVersion\\": \\"1.4.6\\",
    \\"tls\\": false,
    \\"fabricCaVersion\\": \\"1.4.6\\",
    \\"paths\\": {
      \\"fabricaConfig\\": \\"<absolute path>\\",
      \\"chaincodesBaseDir\\": \\"<absolute path>\\"
    },
    \\"isHlf20\\": false
  },
  \\"capabilities\\": {
    \\"channel\\": \\"V1_4_3\\",
    \\"orderer\\": \\"V1_4_2\\",
    \\"application\\": \\"V1_4_2\\"
  },
  \\"rootOrg\\": {
    \\"name\\": \\"Orderer\\",
    \\"mspName\\": \\"OrdererMSP\\",
    \\"domain\\": \\"root.com\\",
    \\"organization\\": {
      \\"key\\": \\"root\\",
      \\"name\\": \\"Orderer\\",
      \\"mspName\\": \\"OrdererMSP\\",
      \\"domain\\": \\"root.com\\"
    },
    \\"ca\\": {
      \\"prefix\\": \\"ca\\",
      \\"address\\": \\"ca.root.com\\",
      \\"port\\": 7054,
      \\"exposePort\\": 7030,
      \\"fullAddress\\": \\"ca.root.com:7054\\",
      \\"caAdminNameVar\\": \\"ORDERER_CA_ADMIN_NAME\\",
      \\"caAdminPassVar\\": \\"ORDERER_CA_ADMIN_PASSWORD\\"
    },
    \\"orderers\\": [
      {
        \\"name\\": \\"orderer0\\",
        \\"domain\\": \\"root.com\\",
        \\"address\\": \\"orderer0.root.com\\",
        \\"consensus\\": \\"solo\\",
        \\"port\\": 7050,
        \\"fullAddress\\": \\"orderer0.root.com:7050\\"
      }
    ],
    \\"ordererHead\\": {
      \\"name\\": \\"orderer0\\",
      \\"domain\\": \\"root.com\\",
      \\"address\\": \\"orderer0.root.com\\",
      \\"consensus\\": \\"solo\\",
      \\"port\\": 7050,
      \\"fullAddress\\": \\"orderer0.root.com:7050\\"
    }
  },
  \\"orgs\\": [
    {
      \\"key\\": \\"org1\\",
      \\"name\\": \\"Org1\\",
      \\"mspName\\": \\"Org1MSP\\",
      \\"domain\\": \\"org1.com\\",
      \\"cryptoConfigFileName\\": \\"crypto-config-org1\\",
      \\"peersCount\\": 2,
      \\"peers\\": [
        {
          \\"name\\": \\"peer0\\",
          \\"address\\": \\"peer0.org1.com\\",
          \\"db\\": \\"LevelDb\\",
          \\"isAnchorPeer\\": true,
          \\"port\\": 7060,
          \\"fullAddress\\": \\"peer0.org1.com:7060\\",
          \\"couchDbExposePort\\": 5080
        },
        {
          \\"name\\": \\"peer1\\",
          \\"address\\": \\"peer1.org1.com\\",
          \\"db\\": \\"LevelDb\\",
          \\"isAnchorPeer\\": false,
          \\"port\\": 7061,
          \\"fullAddress\\": \\"peer1.org1.com:7061\\",
          \\"couchDbExposePort\\": 5081
        }
      ],
      \\"anchorPeers\\": [
        {
          \\"name\\": \\"peer0\\",
          \\"address\\": \\"peer0.org1.com\\",
          \\"db\\": \\"LevelDb\\",
          \\"isAnchorPeer\\": true,
          \\"port\\": 7060,
          \\"fullAddress\\": \\"peer0.org1.com:7060\\",
          \\"couchDbExposePort\\": 5080
        }
      ],
      \\"bootstrapPeers\\": \\"peer0.org1.com:7060\\",
      \\"ca\\": {
        \\"prefix\\": \\"ca\\",
        \\"address\\": \\"ca.org1.com\\",
        \\"port\\": 7054,
        \\"exposePort\\": 7031,
        \\"fullAddress\\": \\"ca.org1.com:7054\\",
        \\"caAdminNameVar\\": \\"ORG1_CA_ADMIN_NAME\\",
        \\"caAdminPassVar\\": \\"ORG1_CA_ADMIN_PASSWORD\\"
      },
      \\"headPeer\\": {
        \\"name\\": \\"peer0\\",
        \\"address\\": \\"peer0.org1.com\\",
        \\"db\\": \\"LevelDb\\",
        \\"isAnchorPeer\\": true,
        \\"port\\": 7060,
        \\"fullAddress\\": \\"peer0.org1.com:7060\\",
        \\"couchDbExposePort\\": 5080
      }
    }
  ],
  \\"channels\\": [
    {
      \\"key\\": \\"channel1\\",
      \\"name\\": \\"my-channel1\\",
      \\"orgs\\": [
        {
          \\"name\\": \\"Org1\\",
          \\"mspName\\": \\"Org1MSP\\",
          \\"domain\\": \\"org1.com\\",
          \\"peers\\": [
            {
              \\"name\\": \\"peer0\\",
              \\"address\\": \\"peer0.org1.com\\",
              \\"db\\": \\"LevelDb\\",
              \\"isAnchorPeer\\": true,
              \\"port\\": 7060,
              \\"fullAddress\\": \\"peer0.org1.com:7060\\",
              \\"couchDbExposePort\\": 5080
            },
            {
              \\"name\\": \\"peer1\\",
              \\"address\\": \\"peer1.org1.com\\",
              \\"db\\": \\"LevelDb\\",
              \\"isAnchorPeer\\": false,
              \\"port\\": 7061,
              \\"fullAddress\\": \\"peer1.org1.com:7061\\",
              \\"couchDbExposePort\\": 5081
            }
          ],
          \\"headPeer\\": {
            \\"name\\": \\"peer0\\",
            \\"address\\": \\"peer0.org1.com\\",
            \\"db\\": \\"LevelDb\\",
            \\"isAnchorPeer\\": true,
            \\"port\\": 7060,
            \\"fullAddress\\": \\"peer0.org1.com:7060\\",
            \\"couchDbExposePort\\": 5080
          }
        }
      ],
      \\"profile\\": {
        \\"name\\": \\"MyChannel1\\"
      },
      \\"instantiatingOrg\\": {
        \\"name\\": \\"Org1\\",
        \\"mspName\\": \\"Org1MSP\\",
        \\"domain\\": \\"org1.com\\",
        \\"peers\\": [
          {
            \\"name\\": \\"peer0\\",
            \\"address\\": \\"peer0.org1.com\\",
            \\"db\\": \\"LevelDb\\",
            \\"isAnchorPeer\\": true,
            \\"port\\": 7060,
            \\"fullAddress\\": \\"peer0.org1.com:7060\\",
            \\"couchDbExposePort\\": 5080
          },
          {
            \\"name\\": \\"peer1\\",
            \\"address\\": \\"peer1.org1.com\\",
            \\"db\\": \\"LevelDb\\",
            \\"isAnchorPeer\\": false,
            \\"port\\": 7061,
            \\"fullAddress\\": \\"peer1.org1.com:7061\\",
            \\"couchDbExposePort\\": 5081
          }
        ],
        \\"headPeer\\": {
          \\"name\\": \\"peer0\\",
          \\"address\\": \\"peer0.org1.com\\",
          \\"db\\": \\"LevelDb\\",
          \\"isAnchorPeer\\": true,
          \\"port\\": 7060,
          \\"fullAddress\\": \\"peer0.org1.com:7060\\",
          \\"couchDbExposePort\\": 5080
        }
      }
    }
  ],
  \\"chaincodes\\": [
    {
      \\"directory\\": \\"./chaincodes/chaincode-kv-node\\",
      \\"name\\": \\"chaincode1\\",
      \\"version\\": \\"0.0.1\\",
      \\"lang\\": \\"node\\",
      \\"channel\\": {
        \\"key\\": \\"channel1\\",
        \\"name\\": \\"my-channel1\\",
        \\"orgs\\": [
          {
            \\"name\\": \\"Org1\\",
            \\"mspName\\": \\"Org1MSP\\",
            \\"domain\\": \\"org1.com\\",
            \\"peers\\": [
              {
                \\"name\\": \\"peer0\\",
                \\"address\\": \\"peer0.org1.com\\",
                \\"db\\": \\"LevelDb\\",
                \\"isAnchorPeer\\": true,
                \\"port\\": 7060,
                \\"fullAddress\\": \\"peer0.org1.com:7060\\",
                \\"couchDbExposePort\\": 5080
              },
              {
                \\"name\\": \\"peer1\\",
                \\"address\\": \\"peer1.org1.com\\",
                \\"db\\": \\"LevelDb\\",
                \\"isAnchorPeer\\": false,
                \\"port\\": 7061,
                \\"fullAddress\\": \\"peer1.org1.com:7061\\",
                \\"couchDbExposePort\\": 5081
              }
            ],
            \\"headPeer\\": {
              \\"name\\": \\"peer0\\",
              \\"address\\": \\"peer0.org1.com\\",
              \\"db\\": \\"LevelDb\\",
              \\"isAnchorPeer\\": true,
              \\"port\\": 7060,
              \\"fullAddress\\": \\"peer0.org1.com:7060\\",
              \\"couchDbExposePort\\": 5080
            }
          }
        ],
        \\"profile\\": {
          \\"name\\": \\"MyChannel1\\"
        },
        \\"instantiatingOrg\\": {
          \\"name\\": \\"Org1\\",
          \\"mspName\\": \\"Org1MSP\\",
          \\"domain\\": \\"org1.com\\",
          \\"peers\\": [
            {
              \\"name\\": \\"peer0\\",
              \\"address\\": \\"peer0.org1.com\\",
              \\"db\\": \\"LevelDb\\",
              \\"isAnchorPeer\\": true,
              \\"port\\": 7060,
              \\"fullAddress\\": \\"peer0.org1.com:7060\\",
              \\"couchDbExposePort\\": 5080
            },
            {
              \\"name\\": \\"peer1\\",
              \\"address\\": \\"peer1.org1.com\\",
              \\"db\\": \\"LevelDb\\",
              \\"isAnchorPeer\\": false,
              \\"port\\": 7061,
              \\"fullAddress\\": \\"peer1.org1.com:7061\\",
              \\"couchDbExposePort\\": 5081
            }
          ],
          \\"headPeer\\": {
            \\"name\\": \\"peer0\\",
            \\"address\\": \\"peer0.org1.com\\",
            \\"db\\": \\"LevelDb\\",
            \\"isAnchorPeer\\": true,
            \\"port\\": 7060,
            \\"fullAddress\\": \\"peer0.org1.com:7060\\",
            \\"couchDbExposePort\\": 5080
          }
        }
      },
      \\"init\\": \\"{\\\\\\"Args\\\\\\":[]}\\",
      \\"endorsement\\": \\"AND ('Org1MSP.member')\\",
      \\"instantiatingOrg\\": {
        \\"name\\": \\"Org1\\",
        \\"mspName\\": \\"Org1MSP\\",
        \\"domain\\": \\"org1.com\\",
        \\"peers\\": [
          {
            \\"name\\": \\"peer0\\",
            \\"address\\": \\"peer0.org1.com\\",
            \\"db\\": \\"LevelDb\\",
            \\"isAnchorPeer\\": true,
            \\"port\\": 7060,
            \\"fullAddress\\": \\"peer0.org1.com:7060\\",
            \\"couchDbExposePort\\": 5080
          },
          {
            \\"name\\": \\"peer1\\",
            \\"address\\": \\"peer1.org1.com\\",
            \\"db\\": \\"LevelDb\\",
            \\"isAnchorPeer\\": false,
            \\"port\\": 7061,
            \\"fullAddress\\": \\"peer1.org1.com:7061\\",
            \\"couchDbExposePort\\": 5081
          }
        ],
        \\"headPeer\\": {
          \\"name\\": \\"peer0\\",
          \\"address\\": \\"peer0.org1.com\\",
          \\"db\\": \\"LevelDb\\",
          \\"isAnchorPeer\\": true,
          \\"port\\": 7060,
          \\"fullAddress\\": \\"peer0.org1.com:7060\\",
          \\"couchDbExposePort\\": 5080
        }
      },
      \\"privateData\\": []
    }
  ]
}
"
`;

exports[`init should init simple fabrica config 1`] = `
"{
  \\"$schema\\": \\"https://github.com/softwaremill/fabrica/releases/download/0.1.0-unstable/schema.json\\",
  \\"networkSettings\\": {
    \\"fabricVersion\\": \\"1.4.6\\",
    \\"tls\\": false
  },
  \\"rootOrg\\": {
    \\"organization\\": {
      \\"key\\": \\"root\\",
      \\"name\\": \\"Orderer\\",
      \\"mspName\\": \\"OrdererMSP\\",
      \\"domain\\": \\"root.com\\"
    },
    \\"ca\\": {
      \\"prefix\\": \\"ca\\"
    },
    \\"orderer\\": {
      \\"prefix\\": \\"orderer\\",
      \\"type\\": \\"solo\\",
      \\"instances\\": 1
    }
  },
  \\"orgs\\": [
    {
      \\"organization\\": {
        \\"key\\": \\"org1\\",
        \\"name\\": \\"Org1\\",
        \\"mspName\\": \\"Org1MSP\\",
        \\"domain\\": \\"org1.com\\"
      },
      \\"ca\\": {
        \\"prefix\\": \\"ca\\"
      },
      \\"peer\\": {
        \\"prefix\\": \\"peer\\",
        \\"instances\\": 2,
        \\"db\\": \\"LevelDb\\"
      }
    }
  ],
  \\"channels\\": [
    {
      \\"key\\": \\"channel1\\",
      \\"name\\": \\"my-channel1\\",
      \\"orgs\\": [
        {
          \\"key\\": \\"org1\\",
          \\"peers\\": [
            \\"peer0\\",
            \\"peer1\\"
          ]
        }
      ]
    }
  ],
  \\"chaincodes\\": [
    {
      \\"name\\": \\"chaincode1\\",
      \\"version\\": \\"0.0.1\\",
      \\"lang\\": \\"node\\",
      \\"channel\\": \\"channel1\\",
      \\"init\\": \\"{\\\\\\"Args\\\\\\":[]}\\",
      \\"endorsement\\": \\"AND ('Org1MSP.member')\\",
      \\"directory\\": \\"./chaincodes/chaincode-kv-node\\"
    }
  ]
}
"
`;
