// Jest Snapshot v1, https://goo.gl/fbAQLP

exports[`samples/fablo-config-hlf1.4-1org-1chaincode-raft.json should create proper files from samples/fablo-config-hlf1.4-1org-1chaincode-raft.json 1`] = `Array []`;
