// Jest Snapshot v1, https://goo.gl/fbAQLP

exports[`samples/fablo-config-hlf1.4-2orgs-2chaincodes-private-data.yaml should create proper files from samples/fablo-config-hlf1.4-2orgs-2chaincodes-private-data.yaml 1`] = `Array []`;
