// Jest Snapshot v1, https://goo.gl/fbAQLP

exports[`samples/fablo-config-hlf1.3-2orgs-1chaincode-private-data.json should create proper files from samples/fablo-config-hlf1.3-2orgs-1chaincode-private-data.json 1`] = `Array []`;
