// Jest Snapshot v1, https://goo.gl/fbAQLP

exports[`samples/fablo-config-hlf2-2orgs-2chaincodes-raft.yaml should create proper files from samples/fablo-config-hlf2-2orgs-2chaincodes-raft.yaml 1`] = `Array []`;
